// Vitest Snapshot v1, https://vitest.dev/guide/snapshot.html

exports[`useContext > returns context for \`pull_request\` 2`] = `
{
  "action": "opened",
  "installation": {
    "id": 1,
    "node_id": "MDIzOkludGVncmF0aW9uSW5zdGFsbGF0aW9uMQ==",
  },
  "number": 2,
  "pull_request": {
    "_links": {
      "comments": {
        "href": "https://api.github.com/repos/Codertocat/Hello-World/issues/2/comments",
      },
      "commits": {
        "href": "https://api.github.com/repos/Codertocat/Hello-World/pulls/2/commits",
      },
      "html": {
        "href": "https://github.com/Codertocat/Hello-World/pull/2",
      },
      "issue": {
        "href": "https://api.github.com/repos/Codertocat/Hello-World/issues/2",
      },
      "review_comment": {
        "href": "https://api.github.com/repos/Codertocat/Hello-World/pulls/comments{/number}",
      },
      "review_comments": {
        "href": "https://api.github.com/repos/Codertocat/Hello-World/pulls/2/comments",
      },
      "self": {
        "href": "https://api.github.com/repos/Codertocat/Hello-World/pulls/2",
      },
      "statuses": {
        "href": "https://api.github.com/repos/Codertocat/Hello-World/statuses/ec26c3e57ca3a959ca5aad62de7213c562f8c821",
      },
    },
    "active_lock_reason": null,
    "additions": 1,
    "assignee": null,
    "assignees": [
      {
        "avatar_url": "https://avatars1.githubusercontent.com/u/21031067?v=4",
        "events_url": "https://api.github.com/users/Codertocat/events{/privacy}",
        "followers_url": "https://api.github.com/users/Codertocat/followers",
        "following_url": "https://api.github.com/users/Codertocat/following{/other_user}",
        "gists_url": "https://api.github.com/users/Codertocat/gists{/gist_id}",
        "gravatar_id": "",
        "html_url": "https://github.com/Codertocat",
        "id": 21031067,
        "login": "Codertocat",
        "node_id": "MDQ6VXNlcjIxMDMxMDY3",
        "organizations_url": "https://api.github.com/users/Codertocat/orgs",
        "received_events_url": "https://api.github.com/users/Codertocat/received_events",
        "repos_url": "https://api.github.com/users/Codertocat/repos",
        "site_admin": false,
        "starred_url": "https://api.github.com/users/Codertocat/starred{/owner}{/repo}",
        "subscriptions_url": "https://api.github.com/users/Codertocat/subscriptions",
        "type": "User",
        "url": "https://api.github.com/users/Codertocat",
      },
    ],
    "author_association": "OWNER",
    "auto_merge": null,
    "base": {
      "label": "Codertocat:master",
      "ref": "master",
      "repo": {
        "archive_url": "https://api.github.com/repos/Codertocat/Hello-World/{archive_format}{/ref}",
        "archived": false,
        "assignees_url": "https://api.github.com/repos/Codertocat/Hello-World/assignees{/user}",
        "blobs_url": "https://api.github.com/repos/Codertocat/Hello-World/git/blobs{/sha}",
        "branches_url": "https://api.github.com/repos/Codertocat/Hello-World/branches{/branch}",
        "clone_url": "https://github.com/Codertocat/Hello-World.git",
        "collaborators_url": "https://api.github.com/repos/Codertocat/Hello-World/collaborators{/collaborator}",
        "comments_url": "https://api.github.com/repos/Codertocat/Hello-World/comments{/number}",
        "commits_url": "https://api.github.com/repos/Codertocat/Hello-World/commits{/sha}",
        "compare_url": "https://api.github.com/repos/Codertocat/Hello-World/compare/{base}...{head}",
        "contents_url": "https://api.github.com/repos/Codertocat/Hello-World/contents/{+path}",
        "contributors_url": "https://api.github.com/repos/Codertocat/Hello-World/contributors",
        "created_at": "2019-05-15T15:19:25Z",
        "custom_properties": {},
        "default_branch": "master",
        "deployments_url": "https://api.github.com/repos/Codertocat/Hello-World/deployments",
        "description": null,
        "disabled": false,
        "downloads_url": "https://api.github.com/repos/Codertocat/Hello-World/downloads",
        "events_url": "https://api.github.com/repos/Codertocat/Hello-World/events",
        "fork": false,
        "forks": 0,
        "forks_count": 0,
        "forks_url": "https://api.github.com/repos/Codertocat/Hello-World/forks",
        "full_name": "Codertocat/Hello-World",
        "git_commits_url": "https://api.github.com/repos/Codertocat/Hello-World/git/commits{/sha}",
        "git_refs_url": "https://api.github.com/repos/Codertocat/Hello-World/git/refs{/sha}",
        "git_tags_url": "https://api.github.com/repos/Codertocat/Hello-World/git/tags{/sha}",
        "git_url": "git://github.com/Codertocat/Hello-World.git",
        "has_downloads": true,
        "has_issues": true,
        "has_pages": true,
        "has_projects": true,
        "has_wiki": true,
        "homepage": null,
        "hooks_url": "https://api.github.com/repos/Codertocat/Hello-World/hooks",
        "html_url": "https://github.com/Codertocat/Hello-World",
        "id": 186853002,
        "is_template": false,
        "issue_comment_url": "https://api.github.com/repos/Codertocat/Hello-World/issues/comments{/number}",
        "issue_events_url": "https://api.github.com/repos/Codertocat/Hello-World/issues/events{/number}",
        "issues_url": "https://api.github.com/repos/Codertocat/Hello-World/issues{/number}",
        "keys_url": "https://api.github.com/repos/Codertocat/Hello-World/keys{/key_id}",
        "labels_url": "https://api.github.com/repos/Codertocat/Hello-World/labels{/name}",
        "language": null,
        "languages_url": "https://api.github.com/repos/Codertocat/Hello-World/languages",
        "license": null,
        "merges_url": "https://api.github.com/repos/Codertocat/Hello-World/merges",
        "milestones_url": "https://api.github.com/repos/Codertocat/Hello-World/milestones{/number}",
        "mirror_url": null,
        "name": "Hello-World",
        "node_id": "MDEwOlJlcG9zaXRvcnkxODY4NTMwMDI=",
        "notifications_url": "https://api.github.com/repos/Codertocat/Hello-World/notifications{?since,all,participating}",
        "open_issues": 2,
        "open_issues_count": 2,
        "owner": {
          "avatar_url": "https://avatars1.githubusercontent.com/u/21031067?v=4",
          "events_url": "https://api.github.com/users/Codertocat/events{/privacy}",
          "followers_url": "https://api.github.com/users/Codertocat/followers",
          "following_url": "https://api.github.com/users/Codertocat/following{/other_user}",
          "gists_url": "https://api.github.com/users/Codertocat/gists{/gist_id}",
          "gravatar_id": "",
          "html_url": "https://github.com/Codertocat",
          "id": 21031067,
          "login": "Codertocat",
          "node_id": "MDQ6VXNlcjIxMDMxMDY3",
          "organizations_url": "https://api.github.com/users/Codertocat/orgs",
          "received_events_url": "https://api.github.com/users/Codertocat/received_events",
          "repos_url": "https://api.github.com/users/Codertocat/repos",
          "site_admin": false,
          "starred_url": "https://api.github.com/users/Codertocat/starred{/owner}{/repo}",
          "subscriptions_url": "https://api.github.com/users/Codertocat/subscriptions",
          "type": "User",
          "url": "https://api.github.com/users/Codertocat",
        },
        "private": false,
        "pulls_url": "https://api.github.com/repos/Codertocat/Hello-World/pulls{/number}",
        "pushed_at": "2019-05-15T15:20:32Z",
        "releases_url": "https://api.github.com/repos/Codertocat/Hello-World/releases{/id}",
        "size": 0,
        "ssh_url": "git@github.com:Codertocat/Hello-World.git",
        "stargazers_count": 0,
        "stargazers_url": "https://api.github.com/repos/Codertocat/Hello-World/stargazers",
        "statuses_url": "https://api.github.com/repos/Codertocat/Hello-World/statuses/{sha}",
        "subscribers_url": "https://api.github.com/repos/Codertocat/Hello-World/subscribers",
        "subscription_url": "https://api.github.com/repos/Codertocat/Hello-World/subscription",
        "svn_url": "https://github.com/Codertocat/Hello-World",
        "tags_url": "https://api.github.com/repos/Codertocat/Hello-World/tags",
        "teams_url": "https://api.github.com/repos/Codertocat/Hello-World/teams",
        "topics": [],
        "trees_url": "https://api.github.com/repos/Codertocat/Hello-World/git/trees{/sha}",
        "updated_at": "2019-05-15T15:19:27Z",
        "url": "https://api.github.com/repos/Codertocat/Hello-World",
        "visibility": "public",
        "watchers": 0,
        "watchers_count": 0,
        "web_commit_signoff_required": false,
      },
      "sha": "f95f852bd8fca8fcc58a9a2d6c842781e32a215e",
      "user": {
        "avatar_url": "https://avatars1.githubusercontent.com/u/21031067?v=4",
        "events_url": "https://api.github.com/users/Codertocat/events{/privacy}",
        "followers_url": "https://api.github.com/users/Codertocat/followers",
        "following_url": "https://api.github.com/users/Codertocat/following{/other_user}",
        "gists_url": "https://api.github.com/users/Codertocat/gists{/gist_id}",
        "gravatar_id": "",
        "html_url": "https://github.com/Codertocat",
        "id": 21031067,
        "login": "Codertocat",
        "node_id": "MDQ6VXNlcjIxMDMxMDY3",
        "organizations_url": "https://api.github.com/users/Codertocat/orgs",
        "received_events_url": "https://api.github.com/users/Codertocat/received_events",
        "repos_url": "https://api.github.com/users/Codertocat/repos",
        "site_admin": false,
        "starred_url": "https://api.github.com/users/Codertocat/starred{/owner}{/repo}",
        "subscriptions_url": "https://api.github.com/users/Codertocat/subscriptions",
        "type": "User",
        "url": "https://api.github.com/users/Codertocat",
      },
    },
    "body": "This is a pretty simple change that we need to pull into master.",
    "changed_files": 1,
    "closed_at": null,
    "comments": 0,
    "comments_url": "https://api.github.com/repos/Codertocat/Hello-World/issues/2/comments",
    "commits": 1,
    "commits_url": "https://api.github.com/repos/Codertocat/Hello-World/pulls/2/commits",
    "created_at": "2019-05-15T15:20:33Z",
    "deletions": 1,
    "diff_url": "https://github.com/Codertocat/Hello-World/pull/2.diff",
    "draft": false,
    "head": {
      "label": "Codertocat:changes",
      "ref": "changes",
      "repo": {
        "archive_url": "https://api.github.com/repos/Codertocat/Hello-World/{archive_format}{/ref}",
        "archived": false,
        "assignees_url": "https://api.github.com/repos/Codertocat/Hello-World/assignees{/user}",
        "blobs_url": "https://api.github.com/repos/Codertocat/Hello-World/git/blobs{/sha}",
        "branches_url": "https://api.github.com/repos/Codertocat/Hello-World/branches{/branch}",
        "clone_url": "https://github.com/Codertocat/Hello-World.git",
        "collaborators_url": "https://api.github.com/repos/Codertocat/Hello-World/collaborators{/collaborator}",
        "comments_url": "https://api.github.com/repos/Codertocat/Hello-World/comments{/number}",
        "commits_url": "https://api.github.com/repos/Codertocat/Hello-World/commits{/sha}",
        "compare_url": "https://api.github.com/repos/Codertocat/Hello-World/compare/{base}...{head}",
        "contents_url": "https://api.github.com/repos/Codertocat/Hello-World/contents/{+path}",
        "contributors_url": "https://api.github.com/repos/Codertocat/Hello-World/contributors",
        "created_at": "2019-05-15T15:19:25Z",
        "custom_properties": {},
        "default_branch": "master",
        "deployments_url": "https://api.github.com/repos/Codertocat/Hello-World/deployments",
        "description": null,
        "disabled": false,
        "downloads_url": "https://api.github.com/repos/Codertocat/Hello-World/downloads",
        "events_url": "https://api.github.com/repos/Codertocat/Hello-World/events",
        "fork": false,
        "forks": 0,
        "forks_count": 0,
        "forks_url": "https://api.github.com/repos/Codertocat/Hello-World/forks",
        "full_name": "Codertocat/Hello-World",
        "git_commits_url": "https://api.github.com/repos/Codertocat/Hello-World/git/commits{/sha}",
        "git_refs_url": "https://api.github.com/repos/Codertocat/Hello-World/git/refs{/sha}",
        "git_tags_url": "https://api.github.com/repos/Codertocat/Hello-World/git/tags{/sha}",
        "git_url": "git://github.com/Codertocat/Hello-World.git",
        "has_downloads": true,
        "has_issues": true,
        "has_pages": true,
        "has_projects": true,
        "has_wiki": true,
        "homepage": null,
        "hooks_url": "https://api.github.com/repos/Codertocat/Hello-World/hooks",
        "html_url": "https://github.com/Codertocat/Hello-World",
        "id": 186853002,
        "is_template": false,
        "issue_comment_url": "https://api.github.com/repos/Codertocat/Hello-World/issues/comments{/number}",
        "issue_events_url": "https://api.github.com/repos/Codertocat/Hello-World/issues/events{/number}",
        "issues_url": "https://api.github.com/repos/Codertocat/Hello-World/issues{/number}",
        "keys_url": "https://api.github.com/repos/Codertocat/Hello-World/keys{/key_id}",
        "labels_url": "https://api.github.com/repos/Codertocat/Hello-World/labels{/name}",
        "language": null,
        "languages_url": "https://api.github.com/repos/Codertocat/Hello-World/languages",
        "license": null,
        "merges_url": "https://api.github.com/repos/Codertocat/Hello-World/merges",
        "milestones_url": "https://api.github.com/repos/Codertocat/Hello-World/milestones{/number}",
        "mirror_url": null,
        "name": "Hello-World",
        "node_id": "MDEwOlJlcG9zaXRvcnkxODY4NTMwMDI=",
        "notifications_url": "https://api.github.com/repos/Codertocat/Hello-World/notifications{?since,all,participating}",
        "open_issues": 2,
        "open_issues_count": 2,
        "owner": {
          "avatar_url": "https://avatars1.githubusercontent.com/u/21031067?v=4",
          "events_url": "https://api.github.com/users/Codertocat/events{/privacy}",
          "followers_url": "https://api.github.com/users/Codertocat/followers",
          "following_url": "https://api.github.com/users/Codertocat/following{/other_user}",
          "gists_url": "https://api.github.com/users/Codertocat/gists{/gist_id}",
          "gravatar_id": "",
          "html_url": "https://github.com/Codertocat",
          "id": 21031067,
          "login": "Codertocat",
          "node_id": "MDQ6VXNlcjIxMDMxMDY3",
          "organizations_url": "https://api.github.com/users/Codertocat/orgs",
          "received_events_url": "https://api.github.com/users/Codertocat/received_events",
          "repos_url": "https://api.github.com/users/Codertocat/repos",
          "site_admin": false,
          "starred_url": "https://api.github.com/users/Codertocat/starred{/owner}{/repo}",
          "subscriptions_url": "https://api.github.com/users/Codertocat/subscriptions",
          "type": "User",
          "url": "https://api.github.com/users/Codertocat",
        },
        "private": false,
        "pulls_url": "https://api.github.com/repos/Codertocat/Hello-World/pulls{/number}",
        "pushed_at": "2019-05-15T15:20:32Z",
        "releases_url": "https://api.github.com/repos/Codertocat/Hello-World/releases{/id}",
        "size": 0,
        "ssh_url": "git@github.com:Codertocat/Hello-World.git",
        "stargazers_count": 0,
        "stargazers_url": "https://api.github.com/repos/Codertocat/Hello-World/stargazers",
        "statuses_url": "https://api.github.com/repos/Codertocat/Hello-World/statuses/{sha}",
        "subscribers_url": "https://api.github.com/repos/Codertocat/Hello-World/subscribers",
        "subscription_url": "https://api.github.com/repos/Codertocat/Hello-World/subscription",
        "svn_url": "https://github.com/Codertocat/Hello-World",
        "tags_url": "https://api.github.com/repos/Codertocat/Hello-World/tags",
        "teams_url": "https://api.github.com/repos/Codertocat/Hello-World/teams",
        "topics": [],
        "trees_url": "https://api.github.com/repos/Codertocat/Hello-World/git/trees{/sha}",
        "updated_at": "2019-05-15T15:19:27Z",
        "url": "https://api.github.com/repos/Codertocat/Hello-World",
        "visibility": "public",
        "watchers": 0,
        "watchers_count": 0,
        "web_commit_signoff_required": false,
      },
      "sha": "ec26c3e57ca3a959ca5aad62de7213c562f8c821",
      "user": {
        "avatar_url": "https://avatars1.githubusercontent.com/u/21031067?v=4",
        "events_url": "https://api.github.com/users/Codertocat/events{/privacy}",
        "followers_url": "https://api.github.com/users/Codertocat/followers",
        "following_url": "https://api.github.com/users/Codertocat/following{/other_user}",
        "gists_url": "https://api.github.com/users/Codertocat/gists{/gist_id}",
        "gravatar_id": "",
        "html_url": "https://github.com/Codertocat",
        "id": 21031067,
        "login": "Codertocat",
        "node_id": "MDQ6VXNlcjIxMDMxMDY3",
        "organizations_url": "https://api.github.com/users/Codertocat/orgs",
        "received_events_url": "https://api.github.com/users/Codertocat/received_events",
        "repos_url": "https://api.github.com/users/Codertocat/repos",
        "site_admin": false,
        "starred_url": "https://api.github.com/users/Codertocat/starred{/owner}{/repo}",
        "subscriptions_url": "https://api.github.com/users/Codertocat/subscriptions",
        "type": "User",
        "url": "https://api.github.com/users/Codertocat",
      },
    },
    "html_url": "https://github.com/Codertocat/Hello-World/pull/2",
    "id": 279147437,
    "issue_url": "https://api.github.com/repos/Codertocat/Hello-World/issues/2",
    "labels": [
      {
        "color": "d73a4a",
        "default": true,
        "description": "Something isn't working",
        "id": 1362934389,
        "name": "bug",
        "node_id": "MDU6TGFiZWwxMzYyOTM0Mzg5",
        "url": "https://api.github.com/repos/Codertocat/Hello-World/labels/bug",
      },
    ],
    "locked": false,
    "maintainer_can_modify": false,
    "merge_commit_sha": null,
    "mergeable": null,
    "mergeable_state": "unknown",
    "merged": false,
    "merged_at": null,
    "merged_by": null,
    "milestone": null,
    "node_id": "MDExOlB1bGxSZXF1ZXN0Mjc5MTQ3NDM3",
    "number": 2,
    "patch_url": "https://github.com/Codertocat/Hello-World/pull/2.patch",
    "rebaseable": null,
    "requested_reviewers": [
      {
        "avatar_url": "http://alambic.github.com/avatars/u/5346?",
        "events_url": "https://api.github.com/users/octocat/events{/privacy}",
        "followers_url": "https://api.github.com/users/octocat/followers",
        "following_url": "https://api.github.com/users/octocat/following{/other_user}",
        "gists_url": "https://api.github.com/users/octocat/gists{/gist_id}",
        "gravatar_id": "",
        "html_url": "http://github.com/octocat",
        "id": 5346,
        "login": "octocat",
        "node_id": "MDQ6VXNlcjIxMDMxMDY3",
        "organizations_url": "https://api.github.com/users/octocat/orgs",
        "received_events_url": "https://api.github.com/users/octocat/received_events",
        "repos_url": "https://api.github.com/users/octocat/repos",
        "site_admin": false,
        "starred_url": "https://api.github.com/users/octocat/starred{/owner}{/repo}",
        "subscriptions_url": "https://api.github.com/users/octocat/subscriptions",
        "type": "User",
        "url": "https://api.github.com/users/octocat",
      },
    ],
    "requested_teams": [],
    "review_comment_url": "https://api.github.com/repos/Codertocat/Hello-World/pulls/comments{/number}",
    "review_comments": 0,
    "review_comments_url": "https://api.github.com/repos/Codertocat/Hello-World/pulls/2/comments",
    "state": "open",
    "statuses_url": "https://api.github.com/repos/Codertocat/Hello-World/statuses/ec26c3e57ca3a959ca5aad62de7213c562f8c821",
    "title": "Update the README with new information.",
    "updated_at": "2019-05-15T15:20:33Z",
    "url": "https://api.github.com/repos/Codertocat/Hello-World/pulls/2",
    "user": {
      "avatar_url": "https://avatars1.githubusercontent.com/u/21031067?v=4",
      "events_url": "https://api.github.com/users/Codertocat/events{/privacy}",
      "followers_url": "https://api.github.com/users/Codertocat/followers",
      "following_url": "https://api.github.com/users/Codertocat/following{/other_user}",
      "gists_url": "https://api.github.com/users/Codertocat/gists{/gist_id}",
      "gravatar_id": "",
      "html_url": "https://github.com/Codertocat",
      "id": 21031067,
      "login": "Codertocat",
      "node_id": "MDQ6VXNlcjIxMDMxMDY3",
      "organizations_url": "https://api.github.com/users/Codertocat/orgs",
      "received_events_url": "https://api.github.com/users/Codertocat/received_events",
      "repos_url": "https://api.github.com/users/Codertocat/repos",
      "site_admin": false,
      "starred_url": "https://api.github.com/users/Codertocat/starred{/owner}{/repo}",
      "subscriptions_url": "https://api.github.com/users/Codertocat/subscriptions",
      "type": "User",
      "url": "https://api.github.com/users/Codertocat",
    },
  },
  "repository": {
    "archive_url": "https://api.github.com/repos/Codertocat/Hello-World/{archive_format}{/ref}",
    "archived": false,
    "assignees_url": "https://api.github.com/repos/Codertocat/Hello-World/assignees{/user}",
    "blobs_url": "https://api.github.com/repos/Codertocat/Hello-World/git/blobs{/sha}",
    "branches_url": "https://api.github.com/repos/Codertocat/Hello-World/branches{/branch}",
    "clone_url": "https://github.com/Codertocat/Hello-World.git",
    "collaborators_url": "https://api.github.com/repos/Codertocat/Hello-World/collaborators{/collaborator}",
    "comments_url": "https://api.github.com/repos/Codertocat/Hello-World/comments{/number}",
    "commits_url": "https://api.github.com/repos/Codertocat/Hello-World/commits{/sha}",
    "compare_url": "https://api.github.com/repos/Codertocat/Hello-World/compare/{base}...{head}",
    "contents_url": "https://api.github.com/repos/Codertocat/Hello-World/contents/{+path}",
    "contributors_url": "https://api.github.com/repos/Codertocat/Hello-World/contributors",
    "created_at": "2019-05-15T15:19:25Z",
    "custom_properties": {},
    "default_branch": "master",
    "deployments_url": "https://api.github.com/repos/Codertocat/Hello-World/deployments",
    "description": null,
    "disabled": false,
    "downloads_url": "https://api.github.com/repos/Codertocat/Hello-World/downloads",
    "events_url": "https://api.github.com/repos/Codertocat/Hello-World/events",
    "fork": false,
    "forks": 0,
    "forks_count": 0,
    "forks_url": "https://api.github.com/repos/Codertocat/Hello-World/forks",
    "full_name": "Codertocat/Hello-World",
    "git_commits_url": "https://api.github.com/repos/Codertocat/Hello-World/git/commits{/sha}",
    "git_refs_url": "https://api.github.com/repos/Codertocat/Hello-World/git/refs{/sha}",
    "git_tags_url": "https://api.github.com/repos/Codertocat/Hello-World/git/tags{/sha}",
    "git_url": "git://github.com/Codertocat/Hello-World.git",
    "has_downloads": true,
    "has_issues": true,
    "has_pages": true,
    "has_projects": true,
    "has_wiki": true,
    "homepage": null,
    "hooks_url": "https://api.github.com/repos/Codertocat/Hello-World/hooks",
    "html_url": "https://github.com/Codertocat/Hello-World",
    "id": 186853002,
    "is_template": false,
    "issue_comment_url": "https://api.github.com/repos/Codertocat/Hello-World/issues/comments{/number}",
    "issue_events_url": "https://api.github.com/repos/Codertocat/Hello-World/issues/events{/number}",
    "issues_url": "https://api.github.com/repos/Codertocat/Hello-World/issues{/number}",
    "keys_url": "https://api.github.com/repos/Codertocat/Hello-World/keys{/key_id}",
    "labels_url": "https://api.github.com/repos/Codertocat/Hello-World/labels{/name}",
    "language": null,
    "languages_url": "https://api.github.com/repos/Codertocat/Hello-World/languages",
    "license": null,
    "merges_url": "https://api.github.com/repos/Codertocat/Hello-World/merges",
    "milestones_url": "https://api.github.com/repos/Codertocat/Hello-World/milestones{/number}",
    "mirror_url": null,
    "name": "Hello-World",
    "node_id": "MDEwOlJlcG9zaXRvcnkxODY4NTMwMDI=",
    "notifications_url": "https://api.github.com/repos/Codertocat/Hello-World/notifications{?since,all,participating}",
    "open_issues": 2,
    "open_issues_count": 2,
    "owner": {
      "avatar_url": "https://avatars1.githubusercontent.com/u/21031067?v=4",
      "events_url": "https://api.github.com/users/Codertocat/events{/privacy}",
      "followers_url": "https://api.github.com/users/Codertocat/followers",
      "following_url": "https://api.github.com/users/Codertocat/following{/other_user}",
      "gists_url": "https://api.github.com/users/Codertocat/gists{/gist_id}",
      "gravatar_id": "",
      "html_url": "https://github.com/Codertocat",
      "id": 21031067,
      "login": "Codertocat",
      "node_id": "MDQ6VXNlcjIxMDMxMDY3",
      "organizations_url": "https://api.github.com/users/Codertocat/orgs",
      "received_events_url": "https://api.github.com/users/Codertocat/received_events",
      "repos_url": "https://api.github.com/users/Codertocat/repos",
      "site_admin": false,
      "starred_url": "https://api.github.com/users/Codertocat/starred{/owner}{/repo}",
      "subscriptions_url": "https://api.github.com/users/Codertocat/subscriptions",
      "type": "User",
      "url": "https://api.github.com/users/Codertocat",
    },
    "private": false,
    "pulls_url": "https://api.github.com/repos/Codertocat/Hello-World/pulls{/number}",
    "pushed_at": "2019-05-15T15:20:32Z",
    "releases_url": "https://api.github.com/repos/Codertocat/Hello-World/releases{/id}",
    "size": 0,
    "ssh_url": "git@github.com:Codertocat/Hello-World.git",
    "stargazers_count": 0,
    "stargazers_url": "https://api.github.com/repos/Codertocat/Hello-World/stargazers",
    "statuses_url": "https://api.github.com/repos/Codertocat/Hello-World/statuses/{sha}",
    "subscribers_url": "https://api.github.com/repos/Codertocat/Hello-World/subscribers",
    "subscription_url": "https://api.github.com/repos/Codertocat/Hello-World/subscription",
    "svn_url": "https://github.com/Codertocat/Hello-World",
    "tags_url": "https://api.github.com/repos/Codertocat/Hello-World/tags",
    "teams_url": "https://api.github.com/repos/Codertocat/Hello-World/teams",
    "topics": [],
    "trees_url": "https://api.github.com/repos/Codertocat/Hello-World/git/trees{/sha}",
    "updated_at": "2019-05-15T15:19:27Z",
    "url": "https://api.github.com/repos/Codertocat/Hello-World",
    "visibility": "public",
    "watchers": 0,
    "watchers_count": 0,
    "web_commit_signoff_required": false,
  },
  "sender": {
    "avatar_url": "https://avatars1.githubusercontent.com/u/21031067?v=4",
    "events_url": "https://api.github.com/users/Codertocat/events{/privacy}",
    "followers_url": "https://api.github.com/users/Codertocat/followers",
    "following_url": "https://api.github.com/users/Codertocat/following{/other_user}",
    "gists_url": "https://api.github.com/users/Codertocat/gists{/gist_id}",
    "gravatar_id": "",
    "html_url": "https://github.com/Codertocat",
    "id": 21031067,
    "login": "Codertocat",
    "node_id": "MDQ6VXNlcjIxMDMxMDY3",
    "organizations_url": "https://api.github.com/users/Codertocat/orgs",
    "received_events_url": "https://api.github.com/users/Codertocat/received_events",
    "repos_url": "https://api.github.com/users/Codertocat/repos",
    "site_admin": false,
    "starred_url": "https://api.github.com/users/Codertocat/starred{/owner}{/repo}",
    "subscriptions_url": "https://api.github.com/users/Codertocat/subscriptions",
    "type": "User",
    "url": "https://api.github.com/users/Codertocat",
  },
}
`;

exports[`useContext > returns context for \`workflow_dispatch\` 1`] = `
{
  "inputs": {
    "name": "Mona the Octocat",
  },
  "organization": {
    "avatar_url": "https://avatars3.githubusercontent.com/u/6811672?v=4",
    "description": "Working better together!",
    "events_url": "https://api.github.com/orgs/octo-org/events",
    "hooks_url": "https://api.github.com/orgs/octo-org/hooks",
    "id": 6811672,
    "issues_url": "https://api.github.com/orgs/octo-org/issues",
    "login": "octo-org",
    "members_url": "https://api.github.com/orgs/octo-org/members{/member}",
    "node_id": "MDEyOk9yZ2FuaXphdGlvbjY4MTE2NzI=",
    "public_members_url": "https://api.github.com/orgs/octo-org/public_members{/member}",
    "repos_url": "https://api.github.com/orgs/octo-org/repos",
    "url": "https://api.github.com/orgs/octo-org",
  },
  "ref": "refs/heads/master",
  "repository": {
    "archive_url": "https://api.github.com/repos/octo-org/octo-repo/{archive_format}{/ref}",
    "archived": false,
    "assignees_url": "https://api.github.com/repos/octo-org/octo-repo/assignees{/user}",
    "blobs_url": "https://api.github.com/repos/octo-org/octo-repo/git/blobs{/sha}",
    "branches_url": "https://api.github.com/repos/octo-org/octo-repo/branches{/branch}",
    "clone_url": "https://github.com/octo-org/octo-repo.git",
    "collaborators_url": "https://api.github.com/repos/octo-org/octo-repo/collaborators{/collaborator}",
    "comments_url": "https://api.github.com/repos/octo-org/octo-repo/comments{/number}",
    "commits_url": "https://api.github.com/repos/octo-org/octo-repo/commits{/sha}",
    "compare_url": "https://api.github.com/repos/octo-org/octo-repo/compare/{base}...{head}",
    "contents_url": "https://api.github.com/repos/octo-org/octo-repo/contents/{+path}",
    "contributors_url": "https://api.github.com/repos/octo-org/octo-repo/contributors",
    "created_at": "2014-02-28T02:42:51Z",
    "custom_properties": {},
    "default_branch": "master",
    "deployments_url": "https://api.github.com/repos/octo-org/octo-repo/deployments",
    "description": "My first repo on GitHub!",
    "downloads_url": "https://api.github.com/repos/octo-org/octo-repo/downloads",
    "events_url": "https://api.github.com/repos/octo-org/octo-repo/events",
    "fork": false,
    "forks": 1,
    "forks_count": 1,
    "forks_url": "https://api.github.com/repos/octo-org/octo-repo/forks",
    "full_name": "octo-org/octo-repo",
    "git_commits_url": "https://api.github.com/repos/octo-org/octo-repo/git/commits{/sha}",
    "git_refs_url": "https://api.github.com/repos/octo-org/octo-repo/git/refs{/sha}",
    "git_tags_url": "https://api.github.com/repos/octo-org/octo-repo/git/tags{/sha}",
    "git_url": "git://github.com/octo-org/octo-repo.git",
    "has_downloads": true,
    "has_issues": true,
    "has_pages": false,
    "has_projects": true,
    "has_wiki": true,
    "homepage": "https://example.com",
    "hooks_url": "https://api.github.com/repos/octo-org/octo-repo/hooks",
    "html_url": "https://github.com/octo-org/octo-repo",
    "id": 17273051,
    "is_template": false,
    "issue_comment_url": "https://api.github.com/repos/octo-org/octo-repo/issues/comments{/number}",
    "issue_events_url": "https://api.github.com/repos/octo-org/octo-repo/issues/events{/number}",
    "issues_url": "https://api.github.com/repos/octo-org/octo-repo/issues{/number}",
    "keys_url": "https://api.github.com/repos/octo-org/octo-repo/keys{/key_id}",
    "labels_url": "https://api.github.com/repos/octo-org/octo-repo/labels{/name}",
    "language": "JavaScript",
    "languages_url": "https://api.github.com/repos/octo-org/octo-repo/languages",
    "license": null,
    "merges_url": "https://api.github.com/repos/octo-org/octo-repo/merges",
    "milestones_url": "https://api.github.com/repos/octo-org/octo-repo/milestones{/number}",
    "mirror_url": null,
    "name": "octo-repo",
    "node_id": "MDEwOlJlcG9zaXRvcnkxNzI3MzA1MQ==",
    "notifications_url": "https://api.github.com/repos/octo-org/octo-repo/notifications{?since,all,participating}",
    "open_issues": 23,
    "open_issues_count": 23,
    "owner": {
      "avatar_url": "https://avatars3.githubusercontent.com/u/6811672?v=4",
      "events_url": "https://api.github.com/users/octo-org/events{/privacy}",
      "followers_url": "https://api.github.com/users/octo-org/followers",
      "following_url": "https://api.github.com/users/octo-org/following{/other_user}",
      "gists_url": "https://api.github.com/users/octo-org/gists{/gist_id}",
      "gravatar_id": "",
      "html_url": "https://github.com/octo-org",
      "id": 6811672,
      "login": "octo-org",
      "node_id": "MDEyOk9yZ2FuaXphdGlvbjY4MTE2NzI=",
      "organizations_url": "https://api.github.com/users/octo-org/orgs",
      "received_events_url": "https://api.github.com/users/octo-org/received_events",
      "repos_url": "https://api.github.com/users/octo-org/repos",
      "site_admin": false,
      "starred_url": "https://api.github.com/users/octo-org/starred{/owner}{/repo}",
      "subscriptions_url": "https://api.github.com/users/octo-org/subscriptions",
      "type": "Organization",
      "url": "https://api.github.com/users/octo-org",
    },
    "private": true,
    "pulls_url": "https://api.github.com/repos/octo-org/octo-repo/pulls{/number}",
    "pushed_at": "2018-10-10T15:58:47Z",
    "releases_url": "https://api.github.com/repos/octo-org/octo-repo/releases{/id}",
    "size": 59,
    "ssh_url": "git@github.com:octo-org/octo-repo.git",
    "stargazers_count": 0,
    "stargazers_url": "https://api.github.com/repos/octo-org/octo-repo/stargazers",
    "statuses_url": "https://api.github.com/repos/octo-org/octo-repo/statuses/{sha}",
    "subscribers_url": "https://api.github.com/repos/octo-org/octo-repo/subscribers",
    "subscription_url": "https://api.github.com/repos/octo-org/octo-repo/subscription",
    "svn_url": "https://github.com/octo-org/octo-repo",
    "tags_url": "https://api.github.com/repos/octo-org/octo-repo/tags",
    "teams_url": "https://api.github.com/repos/octo-org/octo-repo/teams",
    "topics": [],
    "trees_url": "https://api.github.com/repos/octo-org/octo-repo/git/trees{/sha}",
    "updated_at": "2018-10-10T15:58:51Z",
    "url": "https://api.github.com/repos/octo-org/octo-repo",
    "visibility": "public",
    "watchers": 0,
    "watchers_count": 0,
    "web_commit_signoff_required": false,
  },
  "sender": {
    "avatar_url": "https://avatars1.githubusercontent.com/u/21031067?v=4",
    "events_url": "https://api.github.com/users/Codertocat/events{/privacy}",
    "followers_url": "https://api.github.com/users/Codertocat/followers",
    "following_url": "https://api.github.com/users/Codertocat/following{/other_user}",
    "gists_url": "https://api.github.com/users/Codertocat/gists{/gist_id}",
    "gravatar_id": "",
    "html_url": "https://github.com/Codertocat",
    "id": 21031067,
    "login": "Codertocat",
    "node_id": "MDQ6VXNlcjIxMDMxMDY3",
    "organizations_url": "https://api.github.com/users/Codertocat/orgs",
    "received_events_url": "https://api.github.com/users/Codertocat/received_events",
    "repos_url": "https://api.github.com/users/Codertocat/repos",
    "site_admin": false,
    "starred_url": "https://api.github.com/users/Codertocat/starred{/owner}{/repo}",
    "subscriptions_url": "https://api.github.com/users/Codertocat/subscriptions",
    "type": "User",
    "url": "https://api.github.com/users/Codertocat",
  },
  "workflow": ".github/workflows/hello-world-workflow.yml",
}
`;
